// Jest Snapshot v1, https://goo.gl/fbAQLP

exports[`rdme versions* rdme versions should get a specific version object if version flag provided 1`] = `
"Version: 1.0.0
Codename: None
Created on: 2019-06-17T22:39:56.462Z
Released on: undefined
┌───────────────┬───────────┬─────────┬───────────┐
│ Is deprecated │ Is hidden │ Is beta │ Is stable │
├───────────────┼───────────┼─────────┼───────────┤
│ no            │ no        │ no      │ yes       │
└───────────────┴───────────┴─────────┴───────────┘"
`;

exports[`rdme versions* rdme versions should make a request to get a list of existing versions 1`] = `
"┌─────────┬──────────┬───────────────┬───────────┬─────────┬───────────┬──────────────────────────┐
│ Version │ Codename │ Is deprecated │ Is hidden │ Is beta │ Is stable │ Created on               │
├─────────┼──────────┼───────────────┼───────────┼─────────┼───────────┼──────────────────────────┤
│ 1.0.0   │ None     │ no            │ no        │ no      │ yes       │ 2019-06-17T22:39:56.462Z │
├─────────┼──────────┼───────────────┼───────────┼─────────┼───────────┼──────────────────────────┤
│ 2.0.0   │ None     │ no            │ no        │ no      │ yes       │ 2019-06-17T22:39:56.462Z │
└─────────┴──────────┴───────────────┴───────────┴─────────┴───────────┴──────────────────────────┘"
`;
