// Jest Snapshot v1, https://goo.gl/fbAQLP

exports[`rdme whoami should return the authenticated user 1`] = `"You are currently logged in as email@example.com to the subdomain project."`;
