// Vitest Snapshot v1, https://vitest.dev/guide/snapshot.html

exports[`rdme openapi:validate (single-threaded) > GHA onboarding E2E tests > should create GHA workflow if user passes in spec via opt (including workingDirectory) 1`] = `
"
Your GitHub Actions workflow file has been created! âœ¨

Almost done! Push your newly created file (.github/workflows/validate-test-opt-spec-workdir-file.yml) to GitHub and you're all set ðŸš€

ðŸ¦‰ If you have any more questions, feel free to drop us a line! support@readme.io
"
`;

exports[`rdme openapi:validate (single-threaded) > GHA onboarding E2E tests > should create GHA workflow if user passes in spec via opt (including workingDirectory) 2`] = `
"# This GitHub Actions workflow was auto-generated by the \`rdme\` cli on 2022-01-01T00:00:00.000Z
# You can view our full documentation here: https://docs.readme.com/docs/rdme
name: ReadMe GitHub Action ðŸ¦‰

on:
  push:
    branches:
      # This workflow will run every time you push code to the following branch: \`validate-test-opt-spec-github-branch\`
      # Check out GitHub's docs for more info on configuring this:
      # https://docs.github.com/actions/using-workflows/events-that-trigger-workflows
      - validate-test-opt-spec-github-branch

jobs:
  rdme-openapi-validate:
    runs-on: ubuntu-latest
    steps:
      - name: Check out repo ðŸ“š
        uses: actions/checkout@v4

      - name: Run \`openapi:validate\` command ðŸš€
        uses: readmeio/rdme@v7
        with:
          rdme: openapi:validate petstore.json --workingDirectory=./__tests__/__fixtures__/relative-ref-oas
"
`;
