// Jest Snapshot v1, https://goo.gl/fbAQLP

exports[`cli --help should not surface args that are designated as hidden 1`] = `
"
Upload, or resync, your OpenAPI/Swagger definition to ReadMe.

Usage

  rdme openapi [file] [options] 

Options

  --key string                Project API key                                                       
  --id string                 Unique identifier for your API definition. Use this if you're re-     
                              uploading an existing API definition                                  
  --version string            Project version                                                       
  --workingDirectory string   Working directory (for usage with relative external references)       
  -h, --help                  Display this usage guide                                              

Related commands

  $ rdme validate   Validate your OpenAPI/Swagger definition. 
  $ rdme swagger    Alias for \`rdme openapi\`. [deprecated]    
"
`;

exports[`cli --help should print help 1`] = `
"
                  üìñ rdme

    a utlity for interacting with ReadMe
       .
       .\\\\                          /.
      ‚Äô  ‚Äò                        ‚Äò ‚Äò
      ( nn\\\\    .           .     /  )
      (nnnnn,.MM.          AM   .nn.
       .nnnndMM----_______--M.‚Äô‚Äô   /
       |nnn/nnnnnnnnnnnnnnnnn\\\\‚Äômmm/
       /nnnn...nnnnnnnnnnn...mmmmm\\\\
      /nn        ‚ÄòqnnnP‚Äô       ‚Äòmmm\\\\
      /n‚Äô   .XXX. \\\\nnn/   .XX.  \\\\mmb
      An   (XOXX)  nnn   (XOXX)  mm\\\\
     /nn   ‚ÄòXXXX‚Äô.~‚Äù~.   ‚ÄòXXX‚Äù‚Äô .mmmb
     dnnn.      (    )n.       .mmmmb
    .nnnnnn....n.\\\\ ./nnnnnnnnnmmmmmm\\\\
  (READnnnnnnnnnnn‚ÄôY‚ÄônnnnnnnnnnmmmmmmME)
  REinnnnnnnnnnnnnnnnnnnnnnnnnmmmmmmmAD/
 /MEEnnnnnnnnnnnnnnnnnnnnnnnnnmmmmmmm)E'.
 READnnnnnnn*‚Äô             ‚Äò*mmmmmmmm)MEE.
(READ|nnnn‚Äô    \\\\../  \\\\.../    ‚ÄòmmmmmM)EEE)
 READ(nn*‚Äô                      ‚Äòmmm.MEEE)
  ‚ÄòREADn‚Äô  \\\\._./  \\\\__./  \\\\.../     ‚ÄòMEE*‚Äô
       *                           /*

Usage

  rdme <command> [arguments] 

Options

  -h, --help       Display this usage guide      
  -v, --version    Show the current rdme version 

Administration

  $ rdme login    Login to a ReadMe project.                                       
  $ rdme logout   Logs the currently authenticated user out of ReadMe.             
  $ rdme whoami   Displays the current user and project authenticated with ReadMe. 

Upload OpenAPI/Swagger definitions

  $ rdme openapi    Upload, or resync, your OpenAPI/Swagger definition to ReadMe. 
  $ rdme validate   Validate your OpenAPI/Swagger definition.                     
  $ rdme swagger    Alias for \`rdme openapi\`. [deprecated]                        

Documentation

  $ rdme docs        Sync a folder of markdown files to your ReadMe project.             
  $ rdme docs:edit   Edit a single file from your ReadMe project without saving locally. 

Versions

  $ rdme versions          List versions available in your project or get a version by SemVer       
                           (https://semver.org/).                                                   
  $ rdme versions:create   Create a new version for your project.                                   
  $ rdme versions:update   Update an existing version for your project.                             
  $ rdme versions:delete   Delete a version associated with your ReadMe project.                    

Other useful commands

  $ rdme oas    Helpful OpenAPI generation tooling.              
  $ rdme open   Open your current ReadMe project in the browser. 

Run rdme help <command> for help with a specific command.

To get more help with ReadMe, check out our docs at https://docs.readme.com.
"
`;

exports[`cli --help should print help for the \`-H\` alias 1`] = `
"
                  üìñ rdme

    a utlity for interacting with ReadMe
       .
       .\\\\                          /.
      ‚Äô  ‚Äò                        ‚Äò ‚Äò
      ( nn\\\\    .           .     /  )
      (nnnnn,.MM.          AM   .nn.
       .nnnndMM----_______--M.‚Äô‚Äô   /
       |nnn/nnnnnnnnnnnnnnnnn\\\\‚Äômmm/
       /nnnn...nnnnnnnnnnn...mmmmm\\\\
      /nn        ‚ÄòqnnnP‚Äô       ‚Äòmmm\\\\
      /n‚Äô   .XXX. \\\\nnn/   .XX.  \\\\mmb
      An   (XOXX)  nnn   (XOXX)  mm\\\\
     /nn   ‚ÄòXXXX‚Äô.~‚Äù~.   ‚ÄòXXX‚Äù‚Äô .mmmb
     dnnn.      (    )n.       .mmmmb
    .nnnnnn....n.\\\\ ./nnnnnnnnnmmmmmm\\\\
  (READnnnnnnnnnnn‚ÄôY‚ÄônnnnnnnnnnmmmmmmME)
  REinnnnnnnnnnnnnnnnnnnnnnnnnmmmmmmmAD/
 /MEEnnnnnnnnnnnnnnnnnnnnnnnnnmmmmmmm)E'.
 READnnnnnnn*‚Äô             ‚Äò*mmmmmmmm)MEE.
(READ|nnnn‚Äô    \\\\../  \\\\.../    ‚ÄòmmmmmM)EEE)
 READ(nn*‚Äô                      ‚Äòmmm.MEEE)
  ‚ÄòREADn‚Äô  \\\\._./  \\\\__./  \\\\.../     ‚ÄòMEE*‚Äô
       *                           /*

Usage

  rdme <command> [arguments] 

Options

  -h, --help       Display this usage guide      
  -v, --version    Show the current rdme version 

Administration

  $ rdme login    Login to a ReadMe project.                                       
  $ rdme logout   Logs the currently authenticated user out of ReadMe.             
  $ rdme whoami   Displays the current user and project authenticated with ReadMe. 

Upload OpenAPI/Swagger definitions

  $ rdme openapi    Upload, or resync, your OpenAPI/Swagger definition to ReadMe. 
  $ rdme validate   Validate your OpenAPI/Swagger definition.                     
  $ rdme swagger    Alias for \`rdme openapi\`. [deprecated]                        

Documentation

  $ rdme docs        Sync a folder of markdown files to your ReadMe project.             
  $ rdme docs:edit   Edit a single file from your ReadMe project without saving locally. 

Versions

  $ rdme versions          List versions available in your project or get a version by SemVer       
                           (https://semver.org/).                                                   
  $ rdme versions:create   Create a new version for your project.                                   
  $ rdme versions:update   Update an existing version for your project.                             
  $ rdme versions:delete   Delete a version associated with your ReadMe project.                    

Other useful commands

  $ rdme oas    Helpful OpenAPI generation tooling.              
  $ rdme open   Open your current ReadMe project in the browser. 

Run rdme help <command> for help with a specific command.

To get more help with ReadMe, check out our docs at https://docs.readme.com.
"
`;

exports[`cli --help should print usage for a given command 1`] = `
"
Upload, or resync, your OpenAPI/Swagger definition to ReadMe.

Usage

  rdme openapi [file] [options] 

Options

  --key string                Project API key                                                       
  --id string                 Unique identifier for your API definition. Use this if you're re-     
                              uploading an existing API definition                                  
  --version string            Project version                                                       
  --workingDirectory string   Working directory (for usage with relative external references)       
  -h, --help                  Display this usage guide                                              

Related commands

  $ rdme validate   Validate your OpenAPI/Swagger definition. 
  $ rdme swagger    Alias for \`rdme openapi\`. [deprecated]    
"
`;

exports[`cli --help should print usage for a given command if supplied as \`help <command>\` 1`] = `
"
Upload, or resync, your OpenAPI/Swagger definition to ReadMe.

Usage

  rdme openapi [file] [options] 

Options

  --key string                Project API key                                                       
  --id string                 Unique identifier for your API definition. Use this if you're re-     
                              uploading an existing API definition                                  
  --version string            Project version                                                       
  --workingDirectory string   Working directory (for usage with relative external references)       
  -h, --help                  Display this usage guide                                              

Related commands

  $ rdme validate   Validate your OpenAPI/Swagger definition. 
  $ rdme swagger    Alias for \`rdme openapi\`. [deprecated]    
"
`;

exports[`cli --help should show related commands for a subcommands help menu 1`] = `
"
List versions available in your project or get a version by SemVer (https://semver.org/).

Usage

  rdme versions [options] 

Options

  --key string       Project API key                                                 
  --version string   A specific project version to view                              
  --raw              Return raw output from the API instead of in a \\"pretty\\" format. 
  -h, --help         Display this usage guide                                        

Related commands

  $ rdme versions:create   Create a new version for your project.                
  $ rdme versions:update   Update an existing version for your project.          
  $ rdme versions:delete   Delete a version associated with your ReadMe project. 
"
`;
