// Jest Snapshot v1, https://goo.gl/fbAQLP

exports[`#createGHA command inputs changelogs should run GHA creation workflow and generate valid workflow file 1`] = `
"
Your GitHub Actions workflow file has been created! ✨

Almost done! Just a couple more steps:
1. Push your newly created file (.github/workflows/rdme-changelogs.yml) to GitHub 🚀
2. Create a GitHub secret called README_API_KEY and populate the value with your ReadMe API key (••••••••••••I_KEY) 🔑

🔐 Check out GitHub's docs for more info on creating encrypted secrets (https://docs.github.com/actions/security-guides/encrypted-secrets#creating-encrypted-secrets-for-a-repository)

🦉 If you have any more questions, feel free to drop us a line! support@readme.io
"
`;

exports[`#createGHA command inputs changelogs should run GHA creation workflow and generate valid workflow file 2`] = `
"# This GitHub Actions workflow was auto-generated by the \`rdme\` cli on 2022-01-01T00:00:00.000Z
# You can view our full documentation here: https://docs.readme.com/docs/rdme
name: ReadMe GitHub Action 🦉

on:
  push:
    branches:
      # This workflow will run every time you push code to the following branch: \`some-branch\`
      # Check out GitHub's docs for more info on configuring this:
      # https://docs.github.com/actions/using-workflows/events-that-trigger-workflows
      - some-branch

jobs:
  rdme-changelogs:
    runs-on: ubuntu-latest
    steps:
      - name: Check out repo 📚
        uses: actions/checkout@v3

      - name: Run \`changelogs\` command 🚀
        uses: readmeio/rdme@7.8.9
        with:
          rdme: changelogs ./changelogs --key=\${{ secrets.README_API_KEY }}
"
`;

exports[`#createGHA command inputs changelogs should run GHA creation workflow with \`--github\` flag and messy file name and generate valid workflow file 1`] = `
"
Your GitHub Actions workflow file has been created! ✨

Almost done! Just a couple more steps:
1. Push your newly created file (.github/workflows/rdme-changelogs-with-github-flag.yml) to GitHub 🚀
2. Create a GitHub secret called README_API_KEY and populate the value with your ReadMe API key (••••••••••••I_KEY) 🔑

🔐 Check out GitHub's docs for more info on creating encrypted secrets (https://docs.github.com/actions/security-guides/encrypted-secrets#creating-encrypted-secrets-for-a-repository)

🦉 If you have any more questions, feel free to drop us a line! support@readme.io
"
`;

exports[`#createGHA command inputs changelogs should run GHA creation workflow with \`--github\` flag and messy file name and generate valid workflow file 2`] = `
"# This GitHub Actions workflow was auto-generated by the \`rdme\` cli on 2022-01-01T00:00:00.000Z
# You can view our full documentation here: https://docs.readme.com/docs/rdme
name: ReadMe GitHub Action 🦉

on:
  push:
    branches:
      # This workflow will run every time you push code to the following branch: \`another-branch\`
      # Check out GitHub's docs for more info on configuring this:
      # https://docs.github.com/actions/using-workflows/events-that-trigger-workflows
      - another-branch

jobs:
  rdme-changelogs:
    runs-on: ubuntu-latest
    steps:
      - name: Check out repo 📚
        uses: actions/checkout@v3

      - name: Run \`changelogs\` command 🚀
        uses: readmeio/rdme@7.8.9
        with:
          rdme: changelogs ./changelogs --key=\${{ secrets.README_API_KEY }}
"
`;

exports[`#createGHA command inputs changelogs:single should run GHA creation workflow and generate valid workflow file 1`] = `
"
Your GitHub Actions workflow file has been created! ✨

Almost done! Just a couple more steps:
1. Push your newly created file (.github/workflows/rdme-changelogs-single.yml) to GitHub 🚀
2. Create a GitHub secret called README_API_KEY and populate the value with your ReadMe API key (••••••••••••I_KEY) 🔑

🔐 Check out GitHub's docs for more info on creating encrypted secrets (https://docs.github.com/actions/security-guides/encrypted-secrets#creating-encrypted-secrets-for-a-repository)

🦉 If you have any more questions, feel free to drop us a line! support@readme.io
"
`;

exports[`#createGHA command inputs changelogs:single should run GHA creation workflow and generate valid workflow file 2`] = `
"# This GitHub Actions workflow was auto-generated by the \`rdme\` cli on 2022-01-01T00:00:00.000Z
# You can view our full documentation here: https://docs.readme.com/docs/rdme
name: ReadMe GitHub Action 🦉

on:
  push:
    branches:
      # This workflow will run every time you push code to the following branch: \`some-branch\`
      # Check out GitHub's docs for more info on configuring this:
      # https://docs.github.com/actions/using-workflows/events-that-trigger-workflows
      - some-branch

jobs:
  rdme-changelogs-single:
    runs-on: ubuntu-latest
    steps:
      - name: Check out repo 📚
        uses: actions/checkout@v3

      - name: Run \`changelogs:single\` command 🚀
        uses: readmeio/rdme@7.8.9
        with:
          rdme: changelogs:single ./changelogs/rdme.md --key=\${{ secrets.README_API_KEY }}
"
`;

exports[`#createGHA command inputs changelogs:single should run GHA creation workflow with \`--github\` flag and messy file name and generate valid workflow file 1`] = `
"
Your GitHub Actions workflow file has been created! ✨

Almost done! Just a couple more steps:
1. Push your newly created file (.github/workflows/rdme-changelogs-single-with-github-flag.yml) to GitHub 🚀
2. Create a GitHub secret called README_API_KEY and populate the value with your ReadMe API key (••••••••••••I_KEY) 🔑

🔐 Check out GitHub's docs for more info on creating encrypted secrets (https://docs.github.com/actions/security-guides/encrypted-secrets#creating-encrypted-secrets-for-a-repository)

🦉 If you have any more questions, feel free to drop us a line! support@readme.io
"
`;

exports[`#createGHA command inputs changelogs:single should run GHA creation workflow with \`--github\` flag and messy file name and generate valid workflow file 2`] = `
"# This GitHub Actions workflow was auto-generated by the \`rdme\` cli on 2022-01-01T00:00:00.000Z
# You can view our full documentation here: https://docs.readme.com/docs/rdme
name: ReadMe GitHub Action 🦉

on:
  push:
    branches:
      # This workflow will run every time you push code to the following branch: \`another-branch\`
      # Check out GitHub's docs for more info on configuring this:
      # https://docs.github.com/actions/using-workflows/events-that-trigger-workflows
      - another-branch

jobs:
  rdme-changelogs-single:
    runs-on: ubuntu-latest
    steps:
      - name: Check out repo 📚
        uses: actions/checkout@v3

      - name: Run \`changelogs:single\` command 🚀
        uses: readmeio/rdme@7.8.9
        with:
          rdme: changelogs:single ./changelogs/rdme.md --key=\${{ secrets.README_API_KEY }}
"
`;

exports[`#createGHA command inputs custompages should run GHA creation workflow and generate valid workflow file 1`] = `
"
Your GitHub Actions workflow file has been created! ✨

Almost done! Just a couple more steps:
1. Push your newly created file (.github/workflows/rdme-custompages.yml) to GitHub 🚀
2. Create a GitHub secret called README_API_KEY and populate the value with your ReadMe API key (••••••••••••I_KEY) 🔑

🔐 Check out GitHub's docs for more info on creating encrypted secrets (https://docs.github.com/actions/security-guides/encrypted-secrets#creating-encrypted-secrets-for-a-repository)

🦉 If you have any more questions, feel free to drop us a line! support@readme.io
"
`;

exports[`#createGHA command inputs custompages should run GHA creation workflow and generate valid workflow file 2`] = `
"# This GitHub Actions workflow was auto-generated by the \`rdme\` cli on 2022-01-01T00:00:00.000Z
# You can view our full documentation here: https://docs.readme.com/docs/rdme
name: ReadMe GitHub Action 🦉

on:
  push:
    branches:
      # This workflow will run every time you push code to the following branch: \`some-branch\`
      # Check out GitHub's docs for more info on configuring this:
      # https://docs.github.com/actions/using-workflows/events-that-trigger-workflows
      - some-branch

jobs:
  rdme-custompages:
    runs-on: ubuntu-latest
    steps:
      - name: Check out repo 📚
        uses: actions/checkout@v3

      - name: Run \`custompages\` command 🚀
        uses: readmeio/rdme@7.8.9
        with:
          rdme: custompages ./custompages --key=\${{ secrets.README_API_KEY }}
"
`;

exports[`#createGHA command inputs custompages should run GHA creation workflow with \`--github\` flag and messy file name and generate valid workflow file 1`] = `
"
Your GitHub Actions workflow file has been created! ✨

Almost done! Just a couple more steps:
1. Push your newly created file (.github/workflows/rdme-custompages-with-github-flag.yml) to GitHub 🚀
2. Create a GitHub secret called README_API_KEY and populate the value with your ReadMe API key (••••••••••••I_KEY) 🔑

🔐 Check out GitHub's docs for more info on creating encrypted secrets (https://docs.github.com/actions/security-guides/encrypted-secrets#creating-encrypted-secrets-for-a-repository)

🦉 If you have any more questions, feel free to drop us a line! support@readme.io
"
`;

exports[`#createGHA command inputs custompages should run GHA creation workflow with \`--github\` flag and messy file name and generate valid workflow file 2`] = `
"# This GitHub Actions workflow was auto-generated by the \`rdme\` cli on 2022-01-01T00:00:00.000Z
# You can view our full documentation here: https://docs.readme.com/docs/rdme
name: ReadMe GitHub Action 🦉

on:
  push:
    branches:
      # This workflow will run every time you push code to the following branch: \`another-branch\`
      # Check out GitHub's docs for more info on configuring this:
      # https://docs.github.com/actions/using-workflows/events-that-trigger-workflows
      - another-branch

jobs:
  rdme-custompages:
    runs-on: ubuntu-latest
    steps:
      - name: Check out repo 📚
        uses: actions/checkout@v3

      - name: Run \`custompages\` command 🚀
        uses: readmeio/rdme@7.8.9
        with:
          rdme: custompages ./custompages --key=\${{ secrets.README_API_KEY }}
"
`;

exports[`#createGHA command inputs custompages:single should run GHA creation workflow and generate valid workflow file 1`] = `
"
Your GitHub Actions workflow file has been created! ✨

Almost done! Just a couple more steps:
1. Push your newly created file (.github/workflows/rdme-custompages-single.yml) to GitHub 🚀
2. Create a GitHub secret called README_API_KEY and populate the value with your ReadMe API key (••••••••••••I_KEY) 🔑

🔐 Check out GitHub's docs for more info on creating encrypted secrets (https://docs.github.com/actions/security-guides/encrypted-secrets#creating-encrypted-secrets-for-a-repository)

🦉 If you have any more questions, feel free to drop us a line! support@readme.io
"
`;

exports[`#createGHA command inputs custompages:single should run GHA creation workflow and generate valid workflow file 2`] = `
"# This GitHub Actions workflow was auto-generated by the \`rdme\` cli on 2022-01-01T00:00:00.000Z
# You can view our full documentation here: https://docs.readme.com/docs/rdme
name: ReadMe GitHub Action 🦉

on:
  push:
    branches:
      # This workflow will run every time you push code to the following branch: \`some-branch\`
      # Check out GitHub's docs for more info on configuring this:
      # https://docs.github.com/actions/using-workflows/events-that-trigger-workflows
      - some-branch

jobs:
  rdme-custompages-single:
    runs-on: ubuntu-latest
    steps:
      - name: Check out repo 📚
        uses: actions/checkout@v3

      - name: Run \`custompages:single\` command 🚀
        uses: readmeio/rdme@7.8.9
        with:
          rdme: custompages:single ./custompages/rdme.md --key=\${{ secrets.README_API_KEY }}
"
`;

exports[`#createGHA command inputs custompages:single should run GHA creation workflow with \`--github\` flag and messy file name and generate valid workflow file 1`] = `
"
Your GitHub Actions workflow file has been created! ✨

Almost done! Just a couple more steps:
1. Push your newly created file (.github/workflows/rdme-custompages-single-with-github-flag.yml) to GitHub 🚀
2. Create a GitHub secret called README_API_KEY and populate the value with your ReadMe API key (••••••••••••I_KEY) 🔑

🔐 Check out GitHub's docs for more info on creating encrypted secrets (https://docs.github.com/actions/security-guides/encrypted-secrets#creating-encrypted-secrets-for-a-repository)

🦉 If you have any more questions, feel free to drop us a line! support@readme.io
"
`;

exports[`#createGHA command inputs custompages:single should run GHA creation workflow with \`--github\` flag and messy file name and generate valid workflow file 2`] = `
"# This GitHub Actions workflow was auto-generated by the \`rdme\` cli on 2022-01-01T00:00:00.000Z
# You can view our full documentation here: https://docs.readme.com/docs/rdme
name: ReadMe GitHub Action 🦉

on:
  push:
    branches:
      # This workflow will run every time you push code to the following branch: \`another-branch\`
      # Check out GitHub's docs for more info on configuring this:
      # https://docs.github.com/actions/using-workflows/events-that-trigger-workflows
      - another-branch

jobs:
  rdme-custompages-single:
    runs-on: ubuntu-latest
    steps:
      - name: Check out repo 📚
        uses: actions/checkout@v3

      - name: Run \`custompages:single\` command 🚀
        uses: readmeio/rdme@7.8.9
        with:
          rdme: custompages:single ./custompages/rdme.md --key=\${{ secrets.README_API_KEY }}
"
`;

exports[`#createGHA command inputs docs should run GHA creation workflow and generate valid workflow file 1`] = `
"
Your GitHub Actions workflow file has been created! ✨

Almost done! Just a couple more steps:
1. Push your newly created file (.github/workflows/rdme-docs.yml) to GitHub 🚀
2. Create a GitHub secret called README_API_KEY and populate the value with your ReadMe API key (••••••••••••I_KEY) 🔑

🔐 Check out GitHub's docs for more info on creating encrypted secrets (https://docs.github.com/actions/security-guides/encrypted-secrets#creating-encrypted-secrets-for-a-repository)

🦉 If you have any more questions, feel free to drop us a line! support@readme.io
"
`;

exports[`#createGHA command inputs docs should run GHA creation workflow and generate valid workflow file 2`] = `
"# This GitHub Actions workflow was auto-generated by the \`rdme\` cli on 2022-01-01T00:00:00.000Z
# You can view our full documentation here: https://docs.readme.com/docs/rdme
name: ReadMe GitHub Action 🦉

on:
  push:
    branches:
      # This workflow will run every time you push code to the following branch: \`some-branch\`
      # Check out GitHub's docs for more info on configuring this:
      # https://docs.github.com/actions/using-workflows/events-that-trigger-workflows
      - some-branch

jobs:
  rdme-docs:
    runs-on: ubuntu-latest
    steps:
      - name: Check out repo 📚
        uses: actions/checkout@v3

      - name: Run \`docs\` command 🚀
        uses: readmeio/rdme@7.8.9
        with:
          rdme: docs ./docs --key=\${{ secrets.README_API_KEY }} --version=1.0.0
"
`;

exports[`#createGHA command inputs docs should run GHA creation workflow with \`--github\` flag and messy file name and generate valid workflow file 1`] = `
"
Your GitHub Actions workflow file has been created! ✨

Almost done! Just a couple more steps:
1. Push your newly created file (.github/workflows/rdme-docs-with-github-flag.yml) to GitHub 🚀
2. Create a GitHub secret called README_API_KEY and populate the value with your ReadMe API key (••••••••••••I_KEY) 🔑

🔐 Check out GitHub's docs for more info on creating encrypted secrets (https://docs.github.com/actions/security-guides/encrypted-secrets#creating-encrypted-secrets-for-a-repository)

🦉 If you have any more questions, feel free to drop us a line! support@readme.io
"
`;

exports[`#createGHA command inputs docs should run GHA creation workflow with \`--github\` flag and messy file name and generate valid workflow file 2`] = `
"# This GitHub Actions workflow was auto-generated by the \`rdme\` cli on 2022-01-01T00:00:00.000Z
# You can view our full documentation here: https://docs.readme.com/docs/rdme
name: ReadMe GitHub Action 🦉

on:
  push:
    branches:
      # This workflow will run every time you push code to the following branch: \`another-branch\`
      # Check out GitHub's docs for more info on configuring this:
      # https://docs.github.com/actions/using-workflows/events-that-trigger-workflows
      - another-branch

jobs:
  rdme-docs:
    runs-on: ubuntu-latest
    steps:
      - name: Check out repo 📚
        uses: actions/checkout@v3

      - name: Run \`docs\` command 🚀
        uses: readmeio/rdme@7.8.9
        with:
          rdme: docs ./docs --key=\${{ secrets.README_API_KEY }} --version=1.0.0
"
`;

exports[`#createGHA command inputs docs:single should run GHA creation workflow and generate valid workflow file 1`] = `
"
Your GitHub Actions workflow file has been created! ✨

Almost done! Just a couple more steps:
1. Push your newly created file (.github/workflows/rdme-docs-single.yml) to GitHub 🚀
2. Create a GitHub secret called README_API_KEY and populate the value with your ReadMe API key (••••••••••••I_KEY) 🔑

🔐 Check out GitHub's docs for more info on creating encrypted secrets (https://docs.github.com/actions/security-guides/encrypted-secrets#creating-encrypted-secrets-for-a-repository)

🦉 If you have any more questions, feel free to drop us a line! support@readme.io
"
`;

exports[`#createGHA command inputs docs:single should run GHA creation workflow and generate valid workflow file 2`] = `
"# This GitHub Actions workflow was auto-generated by the \`rdme\` cli on 2022-01-01T00:00:00.000Z
# You can view our full documentation here: https://docs.readme.com/docs/rdme
name: ReadMe GitHub Action 🦉

on:
  push:
    branches:
      # This workflow will run every time you push code to the following branch: \`some-branch\`
      # Check out GitHub's docs for more info on configuring this:
      # https://docs.github.com/actions/using-workflows/events-that-trigger-workflows
      - some-branch

jobs:
  rdme-docs-single:
    runs-on: ubuntu-latest
    steps:
      - name: Check out repo 📚
        uses: actions/checkout@v3

      - name: Run \`docs:single\` command 🚀
        uses: readmeio/rdme@7.8.9
        with:
          rdme: docs:single ./docs/rdme.md --key=\${{ secrets.README_API_KEY }} --version=1.0.0
"
`;

exports[`#createGHA command inputs docs:single should run GHA creation workflow with \`--github\` flag and messy file name and generate valid workflow file 1`] = `
"
Your GitHub Actions workflow file has been created! ✨

Almost done! Just a couple more steps:
1. Push your newly created file (.github/workflows/rdme-docs-single-with-github-flag.yml) to GitHub 🚀
2. Create a GitHub secret called README_API_KEY and populate the value with your ReadMe API key (••••••••••••I_KEY) 🔑

🔐 Check out GitHub's docs for more info on creating encrypted secrets (https://docs.github.com/actions/security-guides/encrypted-secrets#creating-encrypted-secrets-for-a-repository)

🦉 If you have any more questions, feel free to drop us a line! support@readme.io
"
`;

exports[`#createGHA command inputs docs:single should run GHA creation workflow with \`--github\` flag and messy file name and generate valid workflow file 2`] = `
"# This GitHub Actions workflow was auto-generated by the \`rdme\` cli on 2022-01-01T00:00:00.000Z
# You can view our full documentation here: https://docs.readme.com/docs/rdme
name: ReadMe GitHub Action 🦉

on:
  push:
    branches:
      # This workflow will run every time you push code to the following branch: \`another-branch\`
      # Check out GitHub's docs for more info on configuring this:
      # https://docs.github.com/actions/using-workflows/events-that-trigger-workflows
      - another-branch

jobs:
  rdme-docs-single:
    runs-on: ubuntu-latest
    steps:
      - name: Check out repo 📚
        uses: actions/checkout@v3

      - name: Run \`docs:single\` command 🚀
        uses: readmeio/rdme@7.8.9
        with:
          rdme: docs:single ./docs/rdme.md --key=\${{ secrets.README_API_KEY }} --version=1.0.0
"
`;

exports[`#createGHA command inputs openapi should run GHA creation workflow and generate valid workflow file 1`] = `
"
Your GitHub Actions workflow file has been created! ✨

Almost done! Just a couple more steps:
1. Push your newly created file (.github/workflows/rdme-openapi.yml) to GitHub 🚀
2. Create a GitHub secret called README_API_KEY and populate the value with your ReadMe API key (••••••••••••I_KEY) 🔑

🔐 Check out GitHub's docs for more info on creating encrypted secrets (https://docs.github.com/actions/security-guides/encrypted-secrets#creating-encrypted-secrets-for-a-repository)

🦉 If you have any more questions, feel free to drop us a line! support@readme.io
"
`;

exports[`#createGHA command inputs openapi should run GHA creation workflow and generate valid workflow file 2`] = `
"# This GitHub Actions workflow was auto-generated by the \`rdme\` cli on 2022-01-01T00:00:00.000Z
# You can view our full documentation here: https://docs.readme.com/docs/rdme
name: ReadMe GitHub Action 🦉

on:
  push:
    branches:
      # This workflow will run every time you push code to the following branch: \`some-branch\`
      # Check out GitHub's docs for more info on configuring this:
      # https://docs.github.com/actions/using-workflows/events-that-trigger-workflows
      - some-branch

jobs:
  rdme-openapi:
    runs-on: ubuntu-latest
    steps:
      - name: Check out repo 📚
        uses: actions/checkout@v3

      - name: Run \`openapi\` command 🚀
        uses: readmeio/rdme@7.8.9
        with:
          rdme: openapi petstore.json --key=\${{ secrets.README_API_KEY }} --id=spec_id
"
`;

exports[`#createGHA command inputs openapi should run GHA creation workflow with \`--github\` flag and messy file name and generate valid workflow file 1`] = `
"
Your GitHub Actions workflow file has been created! ✨

Almost done! Just a couple more steps:
1. Push your newly created file (.github/workflows/rdme-openapi-with-github-flag.yml) to GitHub 🚀
2. Create a GitHub secret called README_API_KEY and populate the value with your ReadMe API key (••••••••••••I_KEY) 🔑

🔐 Check out GitHub's docs for more info on creating encrypted secrets (https://docs.github.com/actions/security-guides/encrypted-secrets#creating-encrypted-secrets-for-a-repository)

🦉 If you have any more questions, feel free to drop us a line! support@readme.io
"
`;

exports[`#createGHA command inputs openapi should run GHA creation workflow with \`--github\` flag and messy file name and generate valid workflow file 2`] = `
"# This GitHub Actions workflow was auto-generated by the \`rdme\` cli on 2022-01-01T00:00:00.000Z
# You can view our full documentation here: https://docs.readme.com/docs/rdme
name: ReadMe GitHub Action 🦉

on:
  push:
    branches:
      # This workflow will run every time you push code to the following branch: \`another-branch\`
      # Check out GitHub's docs for more info on configuring this:
      # https://docs.github.com/actions/using-workflows/events-that-trigger-workflows
      - another-branch

jobs:
  rdme-openapi:
    runs-on: ubuntu-latest
    steps:
      - name: Check out repo 📚
        uses: actions/checkout@v3

      - name: Run \`openapi\` command 🚀
        uses: readmeio/rdme@7.8.9
        with:
          rdme: openapi petstore.json --key=\${{ secrets.README_API_KEY }} --id=spec_id
"
`;

exports[`#createGHA command inputs validate should run GHA creation workflow and generate valid workflow file 1`] = `
"
Your GitHub Actions workflow file has been created! ✨

Almost done! Push your newly created file (.github/workflows/rdme-validate.yml) to GitHub and you're all set 🚀

🦉 If you have any more questions, feel free to drop us a line! support@readme.io
"
`;

exports[`#createGHA command inputs validate should run GHA creation workflow and generate valid workflow file 2`] = `
"# This GitHub Actions workflow was auto-generated by the \`rdme\` cli on 2022-01-01T00:00:00.000Z
# You can view our full documentation here: https://docs.readme.com/docs/rdme
name: ReadMe GitHub Action 🦉

on:
  push:
    branches:
      # This workflow will run every time you push code to the following branch: \`some-branch\`
      # Check out GitHub's docs for more info on configuring this:
      # https://docs.github.com/actions/using-workflows/events-that-trigger-workflows
      - some-branch

jobs:
  rdme-validate:
    runs-on: ubuntu-latest
    steps:
      - name: Check out repo 📚
        uses: actions/checkout@v3

      - name: Run \`validate\` command 🚀
        uses: readmeio/rdme@7.8.9
        with:
          rdme: validate petstore.json
"
`;

exports[`#createGHA command inputs validate should run GHA creation workflow with \`--github\` flag and messy file name and generate valid workflow file 1`] = `
"
Your GitHub Actions workflow file has been created! ✨

Almost done! Push your newly created file (.github/workflows/rdme-validate-with-github-flag.yml) to GitHub and you're all set 🚀

🦉 If you have any more questions, feel free to drop us a line! support@readme.io
"
`;

exports[`#createGHA command inputs validate should run GHA creation workflow with \`--github\` flag and messy file name and generate valid workflow file 2`] = `
"# This GitHub Actions workflow was auto-generated by the \`rdme\` cli on 2022-01-01T00:00:00.000Z
# You can view our full documentation here: https://docs.readme.com/docs/rdme
name: ReadMe GitHub Action 🦉

on:
  push:
    branches:
      # This workflow will run every time you push code to the following branch: \`another-branch\`
      # Check out GitHub's docs for more info on configuring this:
      # https://docs.github.com/actions/using-workflows/events-that-trigger-workflows
      - another-branch

jobs:
  rdme-validate:
    runs-on: ubuntu-latest
    steps:
      - name: Check out repo 📚
        uses: actions/checkout@v3

      - name: Run \`validate\` command 🚀
        uses: readmeio/rdme@7.8.9
        with:
          rdme: validate petstore.json
"
`;
